// Jest Snapshot v1, https://goo.gl/fbAQLP

exports[`end-to-end tests should return the correct data 1`] = `
Object {
  "contracts": Object {
    "TestContract": Object {
      "__typename": "TestContract",
      "getAddress": "0xA5ae0b2386De51Aba852551A1EE828BfD598E111",
      "getAllMovies": Array [
        Object {
          "__typename": "TestContract_Movie",
          "director": Object {
            "__typename": "TestContract_Director",
            "name": "some director",
            "walletAddress": "0xA5ae0b2386De51Aba852551A1EE828BfD598E111",
          },
          "id": "0",
          "status": "1",
          "title": "some movie",
        },
        Object {
          "__typename": "TestContract_Movie",
          "director": Object {
            "__typename": "TestContract_Director",
            "name": "Robert Zemeckis",
            "walletAddress": "0x86f11f319E53481493Ea50d97eAc684c5Ca8403D",
          },
          "id": "1",
          "status": "1",
          "title": "Forrest Gump",
        },
      ],
      "getAnyMovie": Object {
        "__typename": "TestContract_Movie",
        "id": "0",
        "status": "1",
        "title": "some movie",
      },
      "getBoolean": true,
      "getBytes": "0xed6c11b0b5b808960df26f5bfc471d04c1995b0ffd2055925ad1be28d6baadfd",
      "getInt": "125637412567341",
      "getMultipleValues": Object {
        "__typename": "getMultipleValuesOutput",
        "value0": "Catch Me If You Can",
        "value1": "0",
        "value2": Object {
          "__typename": "TestContract_Director",
          "name": "Steven Spielberg",
          "walletAddress": "0xA5ae0b2386De51Aba852551A1EE828BfD598E111",
        },
      },
      "getNamedString": "Catch Me If You Can",
      "getString": "string example",
      "getTuple": Array [
        "0",
        "1",
        "2",
      ],
      "getUint": "1256374125673412563451263546712536712536712573612",
      "mayhem": Object {
        "__typename": "mayhemOutput",
        "director": Object {
          "__typename": "TestContract_Director",
          "name": "some director",
          "walletAddress": "0xA5ae0b2386De51Aba852551A1EE828BfD598E111",
        },
        "passedMovies": Array [
          Object {
            "__typename": "TestContract_Movie",
            "director": Object {
              "__typename": "TestContract_Director",
              "name": "some director",
              "walletAddress": "0xA5ae0b2386De51Aba852551A1EE828BfD598E111",
            },
            "id": "0",
            "status": "1",
            "title": "some movie",
          },
          Object {
            "__typename": "TestContract_Movie",
            "director": Object {
              "__typename": "TestContract_Director",
              "name": "some director",
              "walletAddress": "0xA5ae0b2386De51Aba852551A1EE828BfD598E111",
            },
            "id": "0",
            "status": "1",
            "title": "some movie",
          },
        ],
        "statuses": Array [
          "0",
          "1",
          "1",
          "1",
        ],
        "value1": "671432189",
      },
      "movies": Object {
        "__typename": "moviesOutput",
        "director": Object {
          "__typename": "TestContract_Director",
          "name": "Steven Spielberg",
          "walletAddress": "0xA5ae0b2386De51Aba852551A1EE828BfD598E111",
        },
        "id": "0",
        "status": "0",
        "title": "Catch Me If You Can",
      },
      "overloadedFn0": Object {
        "__typename": "overloadedFnOutput",
        "value0": "overloaded result 1",
        "value1": "1",
      },
      "overloadedFn1": Object {
        "__typename": "overloadedFnOutput",
        "value0": "overloaded result 0",
        "value1": "0",
      },
      "overloadedFn2": Object {
        "__typename": "overloadedFnOutput",
        "value0": "overloaded result 2",
        "value1": "2",
      },
      "passAddress": "0xA5ae0b2386De51Aba852551A1EE828BfD598E111",
      "passBoolean": true,
      "passBytes": "0xed6c11b0b5b808960df26f5bfc471d04c1995b0ffd2055925ad1be28d6baadfd",
      "passInt": "1265341",
      "passMovie": Object {
        "__typename": "TestContract_Movie",
        "director": Object {
          "__typename": "TestContract_Director",
          "name": "some director",
          "walletAddress": "0xA5ae0b2386De51Aba852551A1EE828BfD598E111",
        },
        "id": "0",
        "status": "1",
        "title": "some movie",
      },
      "passString": "some-string",
      "passTuple": Array [
        "0",
        "1",
        "2",
      ],
      "passUint": "128738121231267831231323",
      "passUnnamedString": "passUnnamedString result",
    },
    "__typename": "contracts",
  },
}
`;
